Implementation differs from the original completed solution.
diff --git a/calculator.py b/calculator.py
index 31d6cc6..4b5b602 100644
--- a/calculator.py
+++ b/calculator.py
@@ -1,5 +1,9 @@
 ﻿def calculate_discount(price: float, percent: float) -> float:
     """Return the price after applying a percentage discount."""
     if percent < 0 or percent > 100:
-        raise ValueError("Percentage must be between 0 and 100")
-    return price * (1 - percent / 100)
+    if percent < 0:
+        raise ValueError("Percentage cannot be negative")
+    if percent > 100:
+        raise ValueError("Percentage cannot exceed 100")
+    
+    discount_amount = price * (percent / 100)
+    return price - discount_amount
VERIFY_EXIT=1

Direct repeat of the required test command:
Ran 5 tests in 0.000s
OK
